[www.tdsecurities.com/tds/content/HomePageTemplateb5ee.html]
[backblue.gif]
[fade.gif]
[index.html]
[www.tdsecurities.com/tds/cms/cda/styles/styles.css]
[www.tdsecurities.com/tds/cms/cda/js/emailForm.js]
[www.tdsecurities.com/tds/cms/cda/js/fading.js]
[www.tdsecurities.com/tds/cms/cda/js/submitEnter.js]
[www.tdsecurities.com/tds/cms/cda/js/common.js]
[www.tdsecurities.com/tds/cms/cda/js/jquery.simplemodal.js]
[www.tdsecurities.com/tds/cms/cda/styles/header.css]
[www.tdsecurities.com/tds/cms/cda/js/jquery-1.6.2.min.js]
[us2.siteimprove.com/js/siteanalyze_60292.js]
[www.tdsecurities.com/tds/content/HomePageTemplate1404.html]
[www.tdsecurities.com/tds/image/logocb73.gif]
[www.tdsecurities.com/tds/content/HomePageTemplate1f87.html]
[www.tdsecurities.com/tds/content/HomePageTemplatef373.html]
[www.tdsecurities.com/tds/content/AU_WorldwideOfficescb73.html]
[www.tdsecurities.com/tds/image/leftCornercb73.gif]
[www.tdsecurities.com/tds/image/homePageContent_en_CAcb73.gif]
[www.tdsecurities.com/tds/content/AU_AboutUs1cb73.html]
[www.tdsecurities.com/tds/image/home_todaysMarketcb73.gif]
[www.tdsecurities.com/tds/image/TDcourtcb73.jpg]
[www.tdsecurities.com/tds/images/arrow_black.gif]
[www.tdsecurities.com/tds/content/MarketWatchTemplated65b.html]
[www.tdsecurities.com/tds/content/Res_Researchcb73.html]
[www.tdsecurities.com/tds/content/IB_InvestmentBankingcb73.html]
[www.tdsecurities.com/tds/content/IB_MergersAcquisitionscb73.html]
[www.tdsecurities.com/tds/content/IB_IndustryExpertisecb73.html]
[www.tdsecurities.com/tds/content/IB_EquityCapitalMarketscb73.html]
[www.tdsecurities.com/tds/content/IB_DebtCapitalMarketcb73.html]
[www.tdsecurities.com/tds/content/IB_CreditOriginationcb73.html]
[www.tdsecurities.com/tds/content/IB_RegionalCoveragecb73.html]
[www.tdsecurities.com/tds/content/CM_IE_InstitutionalEquitiesd844.html]
[www.tdsecurities.com/tds/content/CMkt_Commoditiescb73.html]
[www.tdsecurities.com/tds/content/CMkt_CP_LoanSalesTradingcb73.html]
[www.tdsecurities.com/tds/content/CMkt_EquityDerivativescb73.html]
[www.tdsecurities.com/tds/content/CMkt_ForeignExchangecb73.html]
[www.tdsecurities.com/tds/content/CMkt_GlobalClientMgmtcb73.html]
[www.tdsecurities.com/tds/content/CMkt_InterestRateDerivativescb73.html]
[www.tdsecurities.com/tds/content/CMkt_FixedIncomed844.html]
[www.tdsecurities.com/tds/content/CM_IE_InstitutionalEquitiescb73.html]
[www.tdsecurities.com/tds/content/CMkt_Mkt_Risk_Mgmtcb73.html]
[www.tdsecurities.com/tds/content/PB_PrmeBrokeragecb73.html]
[www.tdsecurities.com/tds/content/CMkt_StructuredProductscb73.html]
[www.tdsecurities.com/tds/content/CM_SponsoredCompaniescb73.html]
[www.tdsecurities.com/tds/content/CMgmt_GlobalTransactionBankingcb73.html]
[www.tdsecurities.com/tds/content/GTS_GTF_GlobalTradeFinancecb73.html]
[www.tdsecurities.com/tds/content/CMgmt_CashManagementcb73.html]
[www.tdsecurities.com/tds/content/FI_FinancialInstitutionscb73.html]
[www.tdsecurities.com/tds/content/Car_MessageFromChairmanAndCEOcb73.html]
[www.tdsecurities.com/tds/content/Car_CampusRecruitmentcb73.html]
[www.tdsecurities.com/tds/content/Car_ExperiencedProfessionalscb73.html]
[www.tdsecurities.com/tds/content/Car_OurPeoplecb73.html]
[www.tdsecurities.com/tds/content/GAS_TermsofUsecb73.html]
[www.tdsecurities.com/tds/resource/CIPF-EN.jpg]
[www.tdsecurities.com/tds/resource/IIROC-EN.jpg]
[www.tdsecurities.com/tds/content/tdfacilitradecb73.html]
[www.tdsecurities.com/tds/resource/2_peoplecb73.gif]
[www.tdsecurities.com/tds/image/CanadaDerivativeHOY_ENcb73.jpg]
[www.tdsecurities.com/tds/image/logo_smallcb73.gif]
[www.tdsecurities.com/tds/content/AU_WorldwideOffices36d6.html]
[www.tdsecurities.com/tds/content/GAS_Accessibility36d6.html]
[www.tdsecurities.com/tds/content/GAS_LegalandDisclaimers36d6.html]
[www.tdsecurities.com/tds/content/AU_PrivacyPage36d6.html]
[www.tdsecurities.com/tds/content/HomePageTemplateb5ee.html]
[www.tdsecurities.com/tds/cms/cda/styles/styles.css]
[www.tdsecurities.com/tds/cms/cda/styles/header.css]
[www.tdsecurities.com/tds/content/HomePageTemplate1404.html]
[www.tdsecurities.com/tds/content/HomePageTemplate1f87.html]
[www.tdsecurities.com/tds/content/HomePageTemplatef373.html]
[www.tdsecurities.com/tds/content/AU_WorldwideOfficescb73.html]
[www.tdsecurities.com/tds/content/AU_AboutUs1cb73.html]
[www.tdsecurities.com/tds/content/MarketWatchTemplated65b.html]
[www.tdsecurities.com/tds/content/Res_Researchcb73.html]
[www.tdsecurities.com/tds/content/IB_InvestmentBankingcb73.html]
[www.tdsecurities.com/tds/content/IB_MergersAcquisitionscb73.html]
[www.tdsecurities.com/tds/content/IB_IndustryExpertisecb73.html]
[www.tdsecurities.com/tds/content/IB_EquityCapitalMarketscb73.html]
[www.tdsecurities.com/tds/content/IB_DebtCapitalMarketcb73.html]
[www.tdsecurities.com/tds/content/IB_CreditOriginationcb73.html]
[www.tdsecurities.com/tds/content/IB_RegionalCoveragecb73.html]
[www.tdsecurities.com/tds/content/CM_IE_InstitutionalEquitiesd844.html]
[www.tdsecurities.com/tds/content/CMkt_Commoditiescb73.html]
[www.tdsecurities.com/tds/content/CMkt_CP_LoanSalesTradingcb73.html]
[www.tdsecurities.com/tds/content/CMkt_EquityDerivativescb73.html]
[www.tdsecurities.com/tds/content/CMkt_ForeignExchangecb73.html]
[www.tdsecurities.com/tds/content/CMkt_GlobalClientMgmtcb73.html]
[www.tdsecurities.com/tds/content/CMkt_InterestRateDerivativescb73.html]
[www.tdsecurities.com/tds/content/CMkt_FixedIncomed844.html]
[www.tdsecurities.com/tds/content/CM_IE_InstitutionalEquitiescb73.html]
[www.tdsecurities.com/tds/content/CMkt_Mkt_Risk_Mgmtcb73.html]
[www.tdsecurities.com/tds/content/PB_PrmeBrokeragecb73.html]
[www.tdsecurities.com/tds/content/CMkt_StructuredProductscb73.html]
[www.tdsecurities.com/tds/content/CM_SponsoredCompaniescb73.html]
[www.tdsecurities.com/tds/content/CMgmt_GlobalTransactionBankingcb73.html]
[www.tdsecurities.com/tds/content/GTS_GTF_GlobalTradeFinancecb73.html]
[www.tdsecurities.com/tds/content/CMgmt_CashManagementcb73.html]
[www.tdsecurities.com/tds/content/FI_FinancialInstitutionscb73.html]
[www.tdsecurities.com/tds/content/Car_MessageFromChairmanAndCEOcb73.html]
[www.tdsecurities.com/tds/content/Car_CampusRecruitmentcb73.html]
[www.tdsecurities.com/tds/content/Car_ExperiencedProfessionalscb73.html]
[www.tdsecurities.com/tds/content/Car_OurPeoplecb73.html]
[www.tdsecurities.com/tds/content/GAS_TermsofUsecb73.html]
[www.tdsecurities.com/tds/content/tdfacilitradecb73.html]
[www.tdsecurities.com/tds/content/AU_WorldwideOffices36d6.html]
[www.tdsecurities.com/tds/content/GAS_Accessibility36d6.html]
[www.tdsecurities.com/tds/content/GAS_LegalandDisclaimers36d6.html]
[www.tdsecurities.com/tds/content/AU_PrivacyPage36d6.html]
