[www.canada.ca/en/health-canada/services/drugs-health-products/medical-devices.html]
[backblue.gif]
[fade.gif]
[index.html]
[assets.adobedtm.com/caacec67651710193d2331efef325107c23a0145/satelliteLib-78cf42deb149c9766cbaaa6151e252b9b67c0200.js]
[www.canada.ca/etc/designs/canada/clientlib-all.min.css]
[www.canada.ca/etc/designs/canada/wet-boew/css/wet-boew.min.css]
[www.canada.ca/etc/designs/canada/wet-boew/css/theme.css]
[www.canada.ca/etc/designs/canada/wet-boew/css/noscript.min.css]
[www.canada.ca/en/health-canada/services/drugs-health-products/medical-devices/activities/fact-sheets/safe-medical-devices-fact-sheet.html]
[www.canada.ca/en/health-canada/services/drugs-health-products/medical-devices/what-new.html]
[www.canada.ca/en/health-canada/services/drugs-health-products/medical-devices/medical-devices-rss-feed.html]
[www.canada.ca/en/health-canada/services/drugs-health-products/nanotechnology-based-health-products-food.html]
[www.canada.ca/en/health-canada/services/drugs-health-products/medeffect-canada/advisories-warnings-recalls.html]
[www.canada.ca/en/health-canada/services/drugs-health-products/progressive-licensing.html]
[www.canada.ca/en/health-canada/services/drugs-health-products/compliance-enforcement/information-health-product/medical-devices.html]
[www.canada.ca/en/health-canada/services/drugs-health-products/access-drugs-exceptional-circumstances.html]
[www.canada.ca/en/health-canada/services/drugs-health-products/biologics-radiopharmaceuticals-genetic-therapies.html]
[www.canada.ca/en/health-canada/services/drugs-health-products/classification-health-products-device-drug-interface.html]
[www.canada.ca/en/health-canada/services/drugs-health-products/compliance-enforcement.html]
[www.canada.ca/en/health-canada/services/drugs-health-products/drug-products.html]
[www.canada.ca/en/health-canada/services/drugs-health-products/funding-fees.html]
[www.canada.ca/en/health-canada/services/drugs-health-products/international-activities.html]
[www.canada.ca/en/health-canada/services/drugs-health-products/legislation-guidelines.html]
[www.canada.ca/en/health-canada/services/drugs-health-products/medeffect-canada.html]
[www.canada.ca/en/health-canada/services/drugs-health-products/medical-devices/activities.html]
[www.canada.ca/en/health-canada/services/drugs-health-products/medical-devices/application-information.html]
[www.canada.ca/en/health-canada/services/drugs-health-products/medical-devices/legislation-guidelines.html]
[www.canada.ca/en/health-canada/services/drugs-health-products/medical-devices/licences.html]
[www.canada.ca/en/health-canada/services/drugs-health-products/medical-devices/quality-systems-13485.html]
[www.canada.ca/en/health-canada/services/drugs-health-products/medical-devices/standards.html]
[www.canada.ca/en/health-canada/services/drugs-health-products/medical-devices/fees.html]
[www.canada.ca/en/health-canada/services/drugs-health-products/medical-devices/projects.html]
[www.canada.ca/en/health-canada/services/drugs-health-products/natural-non-prescription.html]
[www.canada.ca/en/health-canada/services/drugs-health-products/public-involvement-consultations.html]
[www.canada.ca/en/health-canada/services/drugs-health-products/regulatory-requirements-advertising.html]
[www.canada.ca/en/health-canada/services/drugs-health-products/reports-publications.html]
[www.canada.ca/en/health-canada/services/drugs-health-products/special-access.html]
[www.canada.ca/en/health-canada/services/drugs-health-products/veterinary-drugs.html]
[www.canada.ca/en/health-canada/services/drugs-health-products/advisories-warnings-recalls.html]
[www.canada.ca/en/health-canada/services/drugs-health-products/bgtd-contact-information.html]
[www.canada.ca/en/health-canada/services/drugs-health-products/sipd-contact-information.html]
[www.canada.ca/en/health-canada/services/drugs-health-products/what-new.html]
[www.canada.ca/en/health-canada/services/drugs-health-products/biologics-radio-pharmaceuticals-genetic-therapies.html]
[www.canada.ca/en/health-canada/services/drugs-health-products/natural-health-products.html]
[www.canada.ca/content/dam/canada/activities/pi-2017-10-24-2.jpg]
[www.canada.ca/content/dam/canada/activities/pi-2017-11-01-1.jpg]
[www.canada.ca/content/dam/canada/activities/pi-2017-10-24-1.jpg]
[www.canada.ca/etc/clientlibs/granite/jquery.min.js]
[www.canada.ca/etc/clientlibs/granite/utils.min.js]
[www.canada.ca/etc/designs/canada/clientlib-publish.min.js]
[ajax.googleapis.com/ajax/libs/jquery/2.1.1/jquery.min.js]
[www.canada.ca/etc/designs/canada/wet-boew/js/wet-boew.min.js]
[www.canada.ca/etc/designs/canada/wet-boew/js/theme.min.js]
[www.canada.ca/en/health-canada/services/drugs-health-products/medical-devices.html]
[assets.adobedtm.com/caacec67651710193d2331efef325107c23a0145/satelliteLib-78cf42deb149c9766cbaaa6151e252b9b67c0200.js]
[www.canada.ca/etc/designs/canada/clientlib-all.min.css]
[www.canada.ca/etc/designs/canada/wet-boew/css/wet-boew.min.css]
[www.canada.ca/etc/designs/canada/wet-boew/css/theme.css]
[www.canada.ca/etc/designs/canada/wet-boew/css/noscript.min.css]
[www.googletagmanager.com/gtm5445.html]
[www.canada.ca/en/health-canada/services/drugs-health-products/medical-devices/activities/fact-sheets/safe-medical-devices-fact-sheet.html]
[www.canada.ca/en/health-canada/services/drugs-health-products/medical-devices/what-new.html]
[www.canada.ca/en/health-canada/services/drugs-health-products/medical-devices/medical-devices-rss-feed.html]
[www.canada.ca/en/health-canada/services/drugs-health-products/nanotechnology-based-health-products-food.html]
[www.canada.ca/en/health-canada/services/drugs-health-products/medeffect-canada/advisories-warnings-recalls.html]
[www.canada.ca/en/health-canada/services/drugs-health-products/progressive-licensing.html]
[www.canada.ca/en/health-canada/services/drugs-health-products/compliance-enforcement/information-health-product/medical-devices.html]
[www.canada.ca/en/health-canada/services/drugs-health-products/access-drugs-exceptional-circumstances.html]
[www.canada.ca/en/health-canada/services/drugs-health-products/biologics-radiopharmaceuticals-genetic-therapies.html]
[www.canada.ca/en/health-canada/services/drugs-health-products/classification-health-products-device-drug-interface.html]
[www.canada.ca/en/health-canada/services/drugs-health-products/compliance-enforcement.html]
[www.canada.ca/en/health-canada/services/drugs-health-products/drug-products.html]
[www.canada.ca/en/health-canada/services/drugs-health-products/funding-fees.html]
[www.canada.ca/en/health-canada/services/drugs-health-products/international-activities.html]
[www.canada.ca/en/health-canada/services/drugs-health-products/legislation-guidelines.html]
[www.canada.ca/en/health-canada/services/drugs-health-products/medeffect-canada.html]
[www.canada.ca/en/health-canada/services/drugs-health-products/medical-devices/activities.html]
[www.canada.ca/en/health-canada/services/drugs-health-products/medical-devices/application-information.html]
[www.canada.ca/en/health-canada/services/drugs-health-products/medical-devices/legislation-guidelines.html]
[www.canada.ca/en/health-canada/services/drugs-health-products/medical-devices/licences.html]
[www.canada.ca/en/health-canada/services/drugs-health-products/medical-devices/quality-systems-13485.html]
[www.canada.ca/en/health-canada/services/drugs-health-products/medical-devices/standards.html]
[www.canada.ca/en/health-canada/services/drugs-health-products/medical-devices/fees.html]
[www.canada.ca/en/health-canada/services/drugs-health-products/medical-devices/projects.html]
[www.canada.ca/en/health-canada/services/drugs-health-products/natural-non-prescription.html]
[www.canada.ca/en/health-canada/services/drugs-health-products/public-involvement-consultations.html]
[www.canada.ca/en/health-canada/services/drugs-health-products/regulatory-requirements-advertising.html]
[www.canada.ca/en/health-canada/services/drugs-health-products/reports-publications.html]
[www.canada.ca/en/health-canada/services/drugs-health-products/special-access.html]
[www.canada.ca/en/health-canada/services/drugs-health-products/veterinary-drugs.html]
[www.canada.ca/en/health-canada/services/drugs-health-products/advisories-warnings-recalls.html]
[www.canada.ca/en/health-canada/services/drugs-health-products/bgtd-contact-information.html]
[www.canada.ca/en/health-canada/services/drugs-health-products/sipd-contact-information.html]
[www.canada.ca/en/health-canada/services/drugs-health-products/what-new.html]
[www.canada.ca/en/health-canada/services/drugs-health-products/biologics-radio-pharmaceuticals-genetic-therapies.html]
[www.canada.ca/en/health-canada/services/drugs-health-products/natural-health-products.html]
